
> build
> next build

   鈻?Next.js 16.0.10 (Turbopack, Cache Components)
   - Environments: .env

   Creating an optimized production build ...
 鉁?Compiled successfully in 5.2s
   Running TypeScript ...
   Collecting page data using 11 workers ...
getAllNotesSlugs final result: [
  'Georgia Institute of Technology/1',
  'Georgia Institute of Technology/2',
  'Georgia Institute of Technology/鏈哄櫒瀛︿範/鏈哄櫒瀛︿範',
  'Georgia Institute of Technology/鏈哄櫒瀛︿範/鐮旂┒鐢熺畻娉?2',
  'Go/1. Getting Started with Go',
  'Go/2. Functions, Methods, and Interfaces in Go',
  'Go/3. Concurrency in Go',
  'Javascript/fontend',
  'Javascript/fontend2',
  '鎿嶄綔绯荤粺鍘熺悊/鍖椾含澶у/1. 鎿嶄綔绯荤粺姒傝堪',
  '鎿嶄綔绯荤粺鍘熺悊/鍖椾含澶у/2. 鎿嶄綔绯荤粺杩愯鐜',
  '鎿嶄綔绯荤粺鍘熺悊/鍖椾含澶у/3. 杩涚▼鐨勫熀鏈蹇?,
  '鎿嶄綔绯荤粺鍘熺悊/鍖椾含澶у/绗竴鍛ㄦ祴楠?,
  '鎿嶄綔绯荤粺鍘熺悊/鍖椾含澶у/绗笁鍛ㄦ祴楠?,
  '鎿嶄綔绯荤粺鍘熺悊/鍖椾含澶у/绗簩鍛ㄦ祴楠?
]
getAllNotesSlugs final result: [
  'Georgia Institute of Technology/1',
  'Georgia Institute of Technology/2',
  'Georgia Institute of Technology/鏈哄櫒瀛︿範/鏈哄櫒瀛︿範',
  'Georgia Institute of Technology/鏈哄櫒瀛︿範/鐮旂┒鐢熺畻娉?2',
  'Go/1. Getting Started with Go',
  'Go/2. Functions, Methods, and Interfaces in Go',
  'Go/3. Concurrency in Go',
  'Javascript/fontend',
  'Javascript/fontend2',
  '鎿嶄綔绯荤粺鍘熺悊/鍖椾含澶у/1. 鎿嶄綔绯荤粺姒傝堪',
  '鎿嶄綔绯荤粺鍘熺悊/鍖椾含澶у/2. 鎿嶄綔绯荤粺杩愯鐜',
  '鎿嶄綔绯荤粺鍘熺悊/鍖椾含澶у/3. 杩涚▼鐨勫熀鏈蹇?,
  '鎿嶄綔绯荤粺鍘熺悊/鍖椾含澶у/绗竴鍛ㄦ祴楠?,
  '鎿嶄綔绯荤粺鍘熺悊/鍖椾含澶у/绗笁鍛ㄦ祴楠?,
  '鎿嶄綔绯荤粺鍘熺悊/鍖椾含澶у/绗簩鍛ㄦ祴楠?
]
getAllNotesSlugs final result: [
  'Georgia Institute of Technology/1',
  'Georgia Institute of Technology/2',
  'Georgia Institute of Technology/鏈哄櫒瀛︿範/鏈哄櫒瀛︿範',
  'Georgia Institute of Technology/鏈哄櫒瀛︿範/鐮旂┒鐢熺畻娉?2',
  'Go/1. Getting Started with Go',
  'Go/2. Functions, Methods, and Interfaces in Go',
  'Go/3. Concurrency in Go',
  'Javascript/fontend',
  'Javascript/fontend2',
  '鎿嶄綔绯荤粺鍘熺悊/鍖椾含澶у/1. 鎿嶄綔绯荤粺姒傝堪',
  '鎿嶄綔绯荤粺鍘熺悊/鍖椾含澶у/2. 鎿嶄綔绯荤粺杩愯鐜',
  '鎿嶄綔绯荤粺鍘熺悊/鍖椾含澶у/3. 杩涚▼鐨勫熀鏈蹇?,
  '鎿嶄綔绯荤粺鍘熺悊/鍖椾含澶у/绗竴鍛ㄦ祴楠?,
  '鎿嶄綔绯荤粺鍘熺悊/鍖椾含澶у/绗笁鍛ㄦ祴楠?,
  '鎿嶄綔绯荤粺鍘熺悊/鍖椾含澶у/绗簩鍛ㄦ祴楠?
]
getAllNotesSlugs final result: [
  'Georgia Institute of Technology/1',
  'Georgia Institute of Technology/2',
  'Georgia Institute of Technology/鏈哄櫒瀛︿範/鏈哄櫒瀛︿範',
  'Georgia Institute of Technology/鏈哄櫒瀛︿範/鐮旂┒鐢熺畻娉?2',
  'Go/1. Getting Started with Go',
  'Go/2. Functions, Methods, and Interfaces in Go',
  'Go/3. Concurrency in Go',
  'Javascript/fontend',
  'Javascript/fontend2',
  '鎿嶄綔绯荤粺鍘熺悊/鍖椾含澶у/1. 鎿嶄綔绯荤粺姒傝堪',
  '鎿嶄綔绯荤粺鍘熺悊/鍖椾含澶у/2. 鎿嶄綔绯荤粺杩愯鐜',
  '鎿嶄綔绯荤粺鍘熺悊/鍖椾含澶у/3. 杩涚▼鐨勫熀鏈蹇?,
  '鎿嶄綔绯荤粺鍘熺悊/鍖椾含澶у/绗竴鍛ㄦ祴楠?,
  '鎿嶄綔绯荤粺鍘熺悊/鍖椾含澶у/绗笁鍛ㄦ祴楠?,
  '鎿嶄綔绯荤粺鍘熺悊/鍖椾含澶у/绗簩鍛ㄦ祴楠?
]
getAllNotesSlugs final result: [
  'Georgia Institute of Technology/1',
  'Georgia Institute of Technology/2',
  'Georgia Institute of Technology/鏈哄櫒瀛︿範/鏈哄櫒瀛︿範',
  'Georgia Institute of Technology/鏈哄櫒瀛︿範/鐮旂┒鐢熺畻娉?2',
  'Go/1. Getting Started with Go',
  'Go/2. Functions, Methods, and Interfaces in Go',
  'Go/3. Concurrency in Go',
  'Javascript/fontend',
  'Javascript/fontend2',
  '鎿嶄綔绯荤粺鍘熺悊/鍖椾含澶у/1. 鎿嶄綔绯荤粺姒傝堪',
  '鎿嶄綔绯荤粺鍘熺悊/鍖椾含澶у/2. 鎿嶄綔绯荤粺杩愯鐜',
  '鎿嶄綔绯荤粺鍘熺悊/鍖椾含澶у/3. 杩涚▼鐨勫熀鏈蹇?,
  '鎿嶄綔绯荤粺鍘熺悊/鍖椾含澶у/绗竴鍛ㄦ祴楠?,
  '鎿嶄綔绯荤粺鍘熺悊/鍖椾含澶у/绗笁鍛ㄦ祴楠?,
  '鎿嶄綔绯荤粺鍘熺悊/鍖椾含澶у/绗簩鍛ㄦ祴楠?
]
getAllNotesSlugs final result: [
  'Georgia Institute of Technology/1',
  'Georgia Institute of Technology/2',
  'Georgia Institute of Technology/鏈哄櫒瀛︿範/鏈哄櫒瀛︿範',
  'Georgia Institute of Technology/鏈哄櫒瀛︿範/鐮旂┒鐢熺畻娉?2',
  'Go/1. Getting Started with Go',
  'Go/2. Functions, Methods, and Interfaces in Go',
  'Go/3. Concurrency in Go',
  'Javascript/fontend',
  'Javascript/fontend2',
  '鎿嶄綔绯荤粺鍘熺悊/鍖椾含澶у/1. 鎿嶄綔绯荤粺姒傝堪',
  '鎿嶄綔绯荤粺鍘熺悊/鍖椾含澶у/2. 鎿嶄綔绯荤粺杩愯鐜',
  '鎿嶄綔绯荤粺鍘熺悊/鍖椾含澶у/3. 杩涚▼鐨勫熀鏈蹇?,
  '鎿嶄綔绯荤粺鍘熺悊/鍖椾含澶у/绗竴鍛ㄦ祴楠?,
  '鎿嶄綔绯荤粺鍘熺悊/鍖椾含澶у/绗笁鍛ㄦ祴楠?,
  '鎿嶄綔绯荤粺鍘熺悊/鍖椾含澶у/绗簩鍛ㄦ祴楠?
]
getAllNotesSlugs final result: [
  'Georgia Institute of Technology/1',
  'Georgia Institute of Technology/2',
  'Georgia Institute of Technology/鏈哄櫒瀛︿範/鏈哄櫒瀛︿範',
  'Georgia Institute of Technology/鏈哄櫒瀛︿範/鐮旂┒鐢熺畻娉?2',
  'Go/1. Getting Started with Go',
  'Go/2. Functions, Methods, and Interfaces in Go',
  'Go/3. Concurrency in Go',
  'Javascript/fontend',
  'Javascript/fontend2',
  '鎿嶄綔绯荤粺鍘熺悊/鍖椾含澶у/1. 鎿嶄綔绯荤粺姒傝堪',
  '鎿嶄綔绯荤粺鍘熺悊/鍖椾含澶у/2. 鎿嶄綔绯荤粺杩愯鐜',
  '鎿嶄綔绯荤粺鍘熺悊/鍖椾含澶у/3. 杩涚▼鐨勫熀鏈蹇?,
  '鎿嶄綔绯荤粺鍘熺悊/鍖椾含澶у/绗竴鍛ㄦ祴楠?,
  '鎿嶄綔绯荤粺鍘熺悊/鍖椾含澶у/绗笁鍛ㄦ祴楠?,
  '鎿嶄綔绯荤粺鍘熺悊/鍖椾含澶у/绗簩鍛ㄦ祴楠?
]
getAllNotesSlugs final result: [
  'Georgia Institute of Technology/1',
  'Georgia Institute of Technology/2',
  'Georgia Institute of Technology/鏈哄櫒瀛︿範/鏈哄櫒瀛︿範',
  'Georgia Institute of Technology/鏈哄櫒瀛︿範/鐮旂┒鐢熺畻娉?2',
  'Go/1. Getting Started with Go',
  'Go/2. Functions, Methods, and Interfaces in Go',
  'Go/3. Concurrency in Go',
  'Javascript/fontend',
  'Javascript/fontend2',
  '鎿嶄綔绯荤粺鍘熺悊/鍖椾含澶у/1. 鎿嶄綔绯荤粺姒傝堪',
  '鎿嶄綔绯荤粺鍘熺悊/鍖椾含澶у/2. 鎿嶄綔绯荤粺杩愯鐜',
  '鎿嶄綔绯荤粺鍘熺悊/鍖椾含澶у/3. 杩涚▼鐨勫熀鏈蹇?,
  '鎿嶄綔绯荤粺鍘熺悊/鍖椾含澶у/绗竴鍛ㄦ祴楠?,
  '鎿嶄綔绯荤粺鍘熺悊/鍖椾含澶у/绗笁鍛ㄦ祴楠?,
  '鎿嶄綔绯荤粺鍘熺悊/鍖椾含澶у/绗簩鍛ㄦ祴楠?
]
getAllNotesSlugs final result: [
  'Georgia Institute of Technology/1',
  'Georgia Institute of Technology/2',
  'Georgia Institute of Technology/鏈哄櫒瀛︿範/鏈哄櫒瀛︿範',
  'Georgia Institute of Technology/鏈哄櫒瀛︿範/鐮旂┒鐢熺畻娉?2',
  'Go/1. Getting Started with Go',
  'Go/2. Functions, Methods, and Interfaces in Go',
  'Go/3. Concurrency in Go',
  'Javascript/fontend',
  'Javascript/fontend2',
  '鎿嶄綔绯荤粺鍘熺悊/鍖椾含澶у/1. 鎿嶄綔绯荤粺姒傝堪',
  '鎿嶄綔绯荤粺鍘熺悊/鍖椾含澶у/2. 鎿嶄綔绯荤粺杩愯鐜',
  '鎿嶄綔绯荤粺鍘熺悊/鍖椾含澶у/3. 杩涚▼鐨勫熀鏈蹇?,
  '鎿嶄綔绯荤粺鍘熺悊/鍖椾含澶у/绗竴鍛ㄦ祴楠?,
  '鎿嶄綔绯荤粺鍘熺悊/鍖椾含澶у/绗笁鍛ㄦ祴楠?,
  '鎿嶄綔绯荤粺鍘熺悊/鍖椾含澶у/绗簩鍛ㄦ祴楠?
]
getAllNotesSlugs final result: [
  'Georgia Institute of Technology/1',
  'Georgia Institute of Technology/2',
  'Georgia Institute of Technology/鏈哄櫒瀛︿範/鏈哄櫒瀛︿範',
  'Georgia Institute of Technology/鏈哄櫒瀛︿範/鐮旂┒鐢熺畻娉?2',
  'Go/1. Getting Started with Go',
  'Go/2. Functions, Methods, and Interfaces in Go',
  'Go/3. Concurrency in Go',
  'Javascript/fontend',
  'Javascript/fontend2',
  '鎿嶄綔绯荤粺鍘熺悊/鍖椾含澶у/1. 鎿嶄綔绯荤粺姒傝堪',
  '鎿嶄綔绯荤粺鍘熺悊/鍖椾含澶у/2. 鎿嶄綔绯荤粺杩愯鐜',
  '鎿嶄綔绯荤粺鍘熺悊/鍖椾含澶у/3. 杩涚▼鐨勫熀鏈蹇?,
  '鎿嶄綔绯荤粺鍘熺悊/鍖椾含澶у/绗竴鍛ㄦ祴楠?,
  '鎿嶄綔绯荤粺鍘熺悊/鍖椾含澶у/绗笁鍛ㄦ祴楠?,
  '鎿嶄綔绯荤粺鍘熺悊/鍖椾含澶у/绗簩鍛ㄦ祴楠?
]
getAllNotesSlugs final result: [
  'Georgia Institute of Technology/1',
  'Georgia Institute of Technology/2',
  'Georgia Institute of Technology/鏈哄櫒瀛︿範/鏈哄櫒瀛︿範',
  'Georgia Institute of Technology/鏈哄櫒瀛︿範/鐮旂┒鐢熺畻娉?2',
  'Go/1. Getting Started with Go',
  'Go/2. Functions, Methods, and Interfaces in Go',
  'Go/3. Concurrency in Go',
  'Javascript/fontend',
  'Javascript/fontend2',
  '鎿嶄綔绯荤粺鍘熺悊/鍖椾含澶у/1. 鎿嶄綔绯荤粺姒傝堪',
  '鎿嶄綔绯荤粺鍘熺悊/鍖椾含澶у/2. 鎿嶄綔绯荤粺杩愯鐜',
  '鎿嶄綔绯荤粺鍘熺悊/鍖椾含澶у/3. 杩涚▼鐨勫熀鏈蹇?,
  '鎿嶄綔绯荤粺鍘熺悊/鍖椾含澶у/绗竴鍛ㄦ祴楠?,
  '鎿嶄綔绯荤粺鍘熺悊/鍖椾含澶у/绗笁鍛ㄦ祴楠?,
  '鎿嶄綔绯荤粺鍘熺悊/鍖椾含澶у/绗簩鍛ㄦ祴楠?
]
getAllNotesSlugs final result: [
  'Georgia Institute of Technology/1',
  'Georgia Institute of Technology/2',
  'Georgia Institute of Technology/鏈哄櫒瀛︿範/鏈哄櫒瀛︿範',
  'Georgia Institute of Technology/鏈哄櫒瀛︿範/鐮旂┒鐢熺畻娉?2',
  'Go/1. Getting Started with Go',
  'Go/2. Functions, Methods, and Interfaces in Go',
  'Go/3. Concurrency in Go',
  'Javascript/fontend',
  'Javascript/fontend2',
  '鎿嶄綔绯荤粺鍘熺悊/鍖椾含澶у/1. 鎿嶄綔绯荤粺姒傝堪',
  '鎿嶄綔绯荤粺鍘熺悊/鍖椾含澶у/2. 鎿嶄綔绯荤粺杩愯鐜',
  '鎿嶄綔绯荤粺鍘熺悊/鍖椾含澶у/3. 杩涚▼鐨勫熀鏈蹇?,
  '鎿嶄綔绯荤粺鍘熺悊/鍖椾含澶у/绗竴鍛ㄦ祴楠?,
  '鎿嶄綔绯荤粺鍘熺悊/鍖椾含澶у/绗笁鍛ㄦ祴楠?,
  '鎿嶄綔绯荤粺鍘熺悊/鍖椾含澶у/绗簩鍛ㄦ祴楠?
]
getAllNotesSlugs final result: [
  'Georgia Institute of Technology/1',
  'Georgia Institute of Technology/2',
  'Georgia Institute of Technology/鏈哄櫒瀛︿範/鏈哄櫒瀛︿範',
  'Georgia Institute of Technology/鏈哄櫒瀛︿範/鐮旂┒鐢熺畻娉?2',
  'Go/1. Getting Started with Go',
  'Go/2. Functions, Methods, and Interfaces in Go',
  'Go/3. Concurrency in Go',
  'Javascript/fontend',
  'Javascript/fontend2',
  '鎿嶄綔绯荤粺鍘熺悊/鍖椾含澶у/1. 鎿嶄綔绯荤粺姒傝堪',
  '鎿嶄綔绯荤粺鍘熺悊/鍖椾含澶у/2. 鎿嶄綔绯荤粺杩愯鐜',
  '鎿嶄綔绯荤粺鍘熺悊/鍖椾含澶у/3. 杩涚▼鐨勫熀鏈蹇?,
  '鎿嶄綔绯荤粺鍘熺悊/鍖椾含澶у/绗竴鍛ㄦ祴楠?,
  '鎿嶄綔绯荤粺鍘熺悊/鍖椾含澶у/绗笁鍛ㄦ祴楠?,
  '鎿嶄綔绯荤粺鍘熺悊/鍖椾含澶у/绗簩鍛ㄦ祴楠?
]
getAllNotesSlugs final result: [
  'Georgia Institute of Technology/1',
  'Georgia Institute of Technology/2',
  'Georgia Institute of Technology/鏈哄櫒瀛︿範/鏈哄櫒瀛︿範',
  'Georgia Institute of Technology/鏈哄櫒瀛︿範/鐮旂┒鐢熺畻娉?2',
  'Go/1. Getting Started with Go',
  'Go/2. Functions, Methods, and Interfaces in Go',
  'Go/3. Concurrency in Go',
  'Javascript/fontend',
  'Javascript/fontend2',
  '鎿嶄綔绯荤粺鍘熺悊/鍖椾含澶у/1. 鎿嶄綔绯荤粺姒傝堪',
  '鎿嶄綔绯荤粺鍘熺悊/鍖椾含澶у/2. 鎿嶄綔绯荤粺杩愯鐜',
  '鎿嶄綔绯荤粺鍘熺悊/鍖椾含澶у/3. 杩涚▼鐨勫熀鏈蹇?,
  '鎿嶄綔绯荤粺鍘熺悊/鍖椾含澶у/绗竴鍛ㄦ祴楠?,
  '鎿嶄綔绯荤粺鍘熺悊/鍖椾含澶у/绗笁鍛ㄦ祴楠?,
  '鎿嶄綔绯荤粺鍘熺悊/鍖椾含澶у/绗簩鍛ㄦ祴楠?
]
getAllNotesSlugs final result: [
  'Georgia Institute of Technology/1',
  'Georgia Institute of Technology/2',
  'Georgia Institute of Technology/鏈哄櫒瀛︿範/鏈哄櫒瀛︿範',
  'Georgia Institute of Technology/鏈哄櫒瀛︿範/鐮旂┒鐢熺畻娉?2',
  'Go/1. Getting Started with Go',
  'Go/2. Functions, Methods, and Interfaces in Go',
  'Go/3. Concurrency in Go',
  'Javascript/fontend',
  'Javascript/fontend2',
  '鎿嶄綔绯荤粺鍘熺悊/鍖椾含澶у/1. 鎿嶄綔绯荤粺姒傝堪',
  '鎿嶄綔绯荤粺鍘熺悊/鍖椾含澶у/2. 鎿嶄綔绯荤粺杩愯鐜',
  '鎿嶄綔绯荤粺鍘熺悊/鍖椾含澶у/3. 杩涚▼鐨勫熀鏈蹇?,
  '鎿嶄綔绯荤粺鍘熺悊/鍖椾含澶у/绗竴鍛ㄦ祴楠?,
  '鎿嶄綔绯荤粺鍘熺悊/鍖椾含澶у/绗笁鍛ㄦ祴楠?,
  '鎿嶄綔绯荤粺鍘熺悊/鍖椾含澶у/绗簩鍛ㄦ祴楠?
]
getAllNotesSlugs final result: [
  'Georgia Institute of Technology/1',
  'Georgia Institute of Technology/2',
  'Georgia Institute of Technology/鏈哄櫒瀛︿範/鏈哄櫒瀛︿範',
  'Georgia Institute of Technology/鏈哄櫒瀛︿範/鐮旂┒鐢熺畻娉?2',
  'Go/1. Getting Started with Go',
  'Go/2. Functions, Methods, and Interfaces in Go',
  'Go/3. Concurrency in Go',
  'Javascript/fontend',
  'Javascript/fontend2',
  '鎿嶄綔绯荤粺鍘熺悊/鍖椾含澶у/1. 鎿嶄綔绯荤粺姒傝堪',
  '鎿嶄綔绯荤粺鍘熺悊/鍖椾含澶у/2. 鎿嶄綔绯荤粺杩愯鐜',
  '鎿嶄綔绯荤粺鍘熺悊/鍖椾含澶у/3. 杩涚▼鐨勫熀鏈蹇?,
  '鎿嶄綔绯荤粺鍘熺悊/鍖椾含澶у/绗竴鍛ㄦ祴楠?,
  '鎿嶄綔绯荤粺鍘熺悊/鍖椾含澶у/绗笁鍛ㄦ祴楠?,
  '鎿嶄綔绯荤粺鍘熺悊/鍖椾含澶у/绗簩鍛ㄦ祴楠?
]
   Generating static pages using 11 workers (0/46) ...
   Generating static pages using 11 workers (11/46) 
   Generating static pages using 11 workers (22/46) 
   Generating static pages using 11 workers (34/46) 
 鉁?Generating static pages using 11 workers (46/46) in 3.1s
   Finalizing page optimization ...

Route (app)
鈹?鈼?/
鈹?鈼?/_not-found
鈹?鈼?/admin
鈹?茠 /api/pageview
鈹?茠 /api/stats
鈹?茠 /api/weather
鈹?茠 /auth/confirm
鈹?鈼?/auth/error
鈹?鈼?/auth/forgot-password
鈹?鈼?/auth/login
鈹?鈼?/auth/sign-up
鈹?鈼?/auth/sign-up-success
鈹?鈼?/auth/update-password
鈹?鈼?/instruments
鈹?鈼?/life
鈹?鈼?/notes
鈹?鈼?/notes/[...slug]
鈹?鈹?/notes/[...slug]
鈹?鈹?/notes/Georgia Institute of Technology/1
鈹?鈹?/notes/Georgia Institute of Technology/2
鈹?鈹?[+13 more paths]
鈹?鈼?/opengraph-image.png
鈹?鈼?/protected
鈹?鈼?/rss.xml
鈹?鈼?/share
鈹?鈼?/tags
鈹?鈼?/tags/[tag]
鈹?鈹?/tags/[tag]
鈹?鈹?/tags/Operating%20Systems
鈹?鈹?/tags/%E5%AD%A6%E4%B9%A0%E7%AC%94%E8%AE%B0
鈹?鈹?[+2 more paths]
鈹?鈼?/thoughts
鈹?鈼?/twitter-image.png


茠 Proxy (Middleware)

鈼? (Static)             prerendered as static content
鈼? (Partial Prerender)  prerendered as static HTML with dynamic server-streamed content
茠  (Dynamic)            server-rendered on demand

